{"type":"server-started","port":58777,"host":"127.0.0.1","url_host":"localhost","url":"http://localhost:58777","screen_dir":"/Users/arielnoteris/Desktop/Projet/ES/Representation Systeme Solaire/.superpowers/brainstorm/54232-1775168457/content","state_dir":"/Users/arielnoteris/Desktop/Projet/ES/Representation Systeme Solaire/.superpowers/brainstorm/54232-1775168457/state"}
{"type":"screen-added","file":"/Users/arielnoteris/Desktop/Projet/ES/Representation Systeme Solaire/.superpowers/brainstorm/54232-1775168457/content/ui-layout.html"}
{"type":"screen-updated","file":"/Users/arielnoteris/Desktop/Projet/ES/Representation Systeme Solaire/.superpowers/brainstorm/54232-1775168457/content/ui-layout.html"}
{"type":"screen-updated","file":"/Users/arielnoteris/Desktop/Projet/ES/Representation Systeme Solaire/.superpowers/brainstorm/54232-1775168457/content/ui-layout.html"}
{"type":"screen-updated","file":"/Users/arielnoteris/Desktop/Projet/ES/Representation Systeme Solaire/.superpowers/brainstorm/54232-1775168457/content/ui-layout.html"}
{"type":"screen-updated","file":"/Users/arielnoteris/Desktop/Projet/ES/Representation Systeme Solaire/.superpowers/brainstorm/54232-1775168457/content/ui-layout.html"}
{"type":"screen-updated","file":"/Users/arielnoteris/Desktop/Projet/ES/Representation Systeme Solaire/.superpowers/brainstorm/54232-1775168457/content/ui-layout.html"}
{"type":"screen-updated","file":"/Users/arielnoteris/Desktop/Projet/ES/Representation Systeme Solaire/.superpowers/brainstorm/54232-1775168457/content/ui-layout.html"}
{"type":"screen-added","file":"/Users/arielnoteris/Desktop/Projet/ES/Representation Systeme Solaire/.superpowers/brainstorm/54232-1775168457/content/waiting.html"}
{"type":"screen-updated","file":"/Users/arielnoteris/Desktop/Projet/ES/Representation Systeme Solaire/.superpowers/brainstorm/54232-1775168457/content/waiting.html"}
{"type":"screen-updated","file":"/Users/arielnoteris/Desktop/Projet/ES/Representation Systeme Solaire/.superpowers/brainstorm/54232-1775168457/content/waiting.html"}
{"type":"screen-updated","file":"/Users/arielnoteris/Desktop/Projet/ES/Representation Systeme Solaire/.superpowers/brainstorm/54232-1775168457/content/waiting.html"}
{"type":"screen-updated","file":"/Users/arielnoteris/Desktop/Projet/ES/Representation Systeme Solaire/.superpowers/brainstorm/54232-1775168457/content/waiting.html"}
{"type":"screen-added","file":"/Users/arielnoteris/Desktop/Projet/ES/Representation Systeme Solaire/.superpowers/brainstorm/54232-1775168457/content/design-ui.html"}
{"type":"screen-updated","file":"/Users/arielnoteris/Desktop/Projet/ES/Representation Systeme Solaire/.superpowers/brainstorm/54232-1775168457/content/design-ui.html"}
{"type":"screen-updated","file":"/Users/arielnoteris/Desktop/Projet/ES/Representation Systeme Solaire/.superpowers/brainstorm/54232-1775168457/content/design-ui.html"}
{"type":"screen-updated","file":"/Users/arielnoteris/Desktop/Projet/ES/Representation Systeme Solaire/.superpowers/brainstorm/54232-1775168457/content/design-ui.html"}
{"type":"screen-added","file":"/Users/arielnoteris/Desktop/Projet/ES/Representation Systeme Solaire/.superpowers/brainstorm/54232-1775168457/content/design-collapsible.html"}
{"type":"screen-updated","file":"/Users/arielnoteris/Desktop/Projet/ES/Representation Systeme Solaire/.superpowers/brainstorm/54232-1775168457/content/design-collapsible.html"}
{"type":"screen-updated","file":"/Users/arielnoteris/Desktop/Projet/ES/Representation Systeme Solaire/.superpowers/brainstorm/54232-1775168457/content/design-collapsible.html"}
{"type":"screen-updated","file":"/Users/arielnoteris/Desktop/Projet/ES/Representation Systeme Solaire/.superpowers/brainstorm/54232-1775168457/content/design-collapsible.html"}
{"type":"screen-added","file":"/Users/arielnoteris/Desktop/Projet/ES/Representation Systeme Solaire/.superpowers/brainstorm/54232-1775168457/content/design-no-overlap.html"}
{"type":"screen-updated","file":"/Users/arielnoteris/Desktop/Projet/ES/Representation Systeme Solaire/.superpowers/brainstorm/54232-1775168457/content/design-no-overlap.html"}
{"type":"screen-updated","file":"/Users/arielnoteris/Desktop/Projet/ES/Representation Systeme Solaire/.superpowers/brainstorm/54232-1775168457/content/design-no-overlap.html"}
{"type":"screen-updated","file":"/Users/arielnoteris/Desktop/Projet/ES/Representation Systeme Solaire/.superpowers/brainstorm/54232-1775168457/content/design-no-overlap.html"}
{"type":"server-stopped","reason":"idle timeout"}
